// Jest Snapshot v1, https://goo.gl/fbAQLP

exports[`DisplayName Should render Vrushali 1`] = `
<div>
  Welcome 
  Vrushali Test 123
   to React World!
</div>
`;
